DiscoTope predictions for '1z40.pdb'.
	Looking only at Chain:  A
	Contact Distance = 10.000 Angstroms
	Threshold = -7.700

A	108	ASN	14	-1.459	-8.459
A	109	PRO	11	0.724	-4.776	<=B
A	110	TRP	13	0.804	-5.696	<=B
A	111	THR	12	1.211	-4.789	<=B
A	112	GLU	11	1.331	-4.169	<=B
A	113	TYR	14	0.929	-6.071	<=B
A	114	MET	18	-0.779	-9.779
A	115	ALA	20	-0.444	-10.444
A	116	LYS	21	0.122	-10.378
A	117	TYR	24	-2.172	-14.172
A	118	ASP	21	0.257	-10.243
A	119	ILE	32	-0.783	-16.783
A	120	GLU	21	1.954	-8.546
A	121	GLU	15	1.366	-6.134	<=B
A	122	VAL	20	-0.374	-10.374
A	123	HIS	28	-1.144	-15.144
A	124	GLY	22	1.274	-9.726
A	125	SER	29	0.887	-13.613
A	126	GLY	28	2.951	-11.049
A	127	ILE	35	-2.881	-20.381
A	128	ARG	29	-5.973	-20.473
A	129	VAL	30	-1.817	-16.817
A	130	ASP	31	1.048	-14.452
A	131	LEU	31	1.727	-13.773
A	132	GLY	25	1.617	-10.883
A	133	GLU	19	-0.260	-9.760
A	134	ASP	18	-0.714	-9.714
A	135	ALA	15	-0.017	-7.517	<=B
A	136	GLU	15	1.225	-6.275	<=B
A	137	VAL	22	4.846	-6.154	<=B
A	138	ALA	15	3.024	-4.476	<=B
A	139	GLY	12	-1.166	-7.166	<=B
A	140	THR	18	-3.524	-12.524
A	141	GLN	20	-2.583	-12.583
A	142	TYR	24	-0.673	-12.673
A	143	ARG	24	0.606	-11.394
A	144	LEU	30	-0.358	-15.358
A	145	PRO	31	-1.552	-17.052
A	146	SER	25	-2.118	-14.618
A	147	GLY	30	-1.638	-16.638
A	148	LYS	23	-2.103	-13.603
A	149	CYS	31	-3.634	-19.134
A	150	PRO	31	-6.571	-22.071
A	151	VAL	30	-6.015	-21.015
A	152	PHE	27	-3.483	-16.983
A	153	GLY	29	-5.010	-19.510
A	154	LYS	31	-5.030	-20.530
A	155	GLY	26	-3.138	-16.138
A	156	ILE	22	-2.680	-13.680
A	157	ILE	22	-3.337	-14.337
A	158	ILE	22	-2.960	-13.960
A	159	GLU	16	-2.566	-10.566
A	160	ASN	11	-2.712	-8.212
A	161	SER	14	-3.007	-10.007
A	162	ASN	11	-1.279	-6.779	<=B
A	163	THR	17	-2.784	-11.284
A	164	THR	18	-3.096	-12.096
A	165	PHE	19	-5.159	-14.659
A	166	LEU	20	-4.774	-14.774
A	167	THR	18	-4.830	-13.830
A	168	PRO	24	-6.967	-18.967
A	169	VAL	19	-5.959	-15.459
A	170	ALA	14	-2.665	-9.665
A	171	THR	9	-1.963	-6.463	<=B
A	177	LYS	12	-3.021	-9.021
A	178	ASP	13	-3.060	-9.560
A	179	GLY	19	-4.365	-13.865
A	180	GLY	23	-6.086	-17.586
A	181	PHE	25	-6.442	-18.942
A	182	ALA	25	-6.394	-18.894
A	183	PHE	24	-5.535	-17.535
A	184	PRO	20	-4.657	-14.657
A	185	PRO	14	-0.759	-7.759
A	186	THR	10	0.194	-4.806	<=B
A	187	GLU	7	0.361	-3.139	<=B
A	188	PRO	7	0.361	-3.139	<=B
A	189	LEU	11	0.049	-5.451	<=B
A	190	MET	22	0.113	-10.887
A	191	SER	23	-2.637	-14.137
A	192	PRO	25	-2.992	-15.492
A	193	MET	20	-0.097	-10.097
A	194	THR	20	0.460	-9.540
A	195	LEU	22	-0.103	-11.103
A	196	ASP	12	1.384	-4.616	<=B
A	197	GLU	15	2.938	-4.562	<=B
A	198	MET	22	1.264	-9.736
A	199	ARG	20	2.492	-7.508	<=B
A	200	HIS	13	4.057	-2.443	<=B
A	201	PHE	16	3.888	-4.112	<=B
A	202	TYR	16	3.834	-4.166	<=B
A	203	LYS	14	4.644	-2.356	<=B
A	204	ASP	11	4.591	-0.909	<=B
A	205	ASN	12	4.528	-1.472	<=B
A	206	LYS	10	3.100	-1.900	<=B
A	207	TYR	10	3.100	-1.900	<=B
A	208	VAL	19	1.764	-7.736
A	209	LYS	17	2.814	-5.686	<=B
A	210	ASN	14	0.649	-6.351	<=B
A	211	LEU	16	-2.462	-10.462
A	212	ASP	15	-3.743	-11.243
A	213	GLU	23	-2.954	-14.454
A	214	LEU	27	-4.463	-17.963
A	215	THR	25	-6.570	-19.070
A	216	LEU	23	-3.550	-15.050
A	217	CYS	29	-5.943	-20.443
A	218	SER	29	-4.685	-19.185
A	219	ARG	25	-3.615	-16.115
A	220	HIS	27	-2.463	-15.963
A	221	ALA	27	-4.781	-18.281
A	222	GLY	21	-0.198	-10.698
A	223	ASN	13	0.553	-5.947	<=B
A	224	MET	16	2.001	-5.999	<=B
A	225	ILE	17	7.609	-0.891	<=B
A	226	PRO	19	7.126	-2.374	<=B
A	227	ASP	15	6.013	-1.487	<=B
A	228	ASN	11	5.399	-0.101	<=B
A	229	ASP	14	5.650	-1.350	<=B
A	230	LYS	11	5.717	0.217	<=B
A	231	ASN	12	5.089	-0.911	<=B
A	232	SER	16	5.329	-2.671	<=B
A	233	ASN	15	4.324	-3.176	<=B
A	234	TYR	24	4.381	-7.619	<=B
A	235	LYS	27	-0.424	-13.924
A	236	TYR	26	-1.352	-14.352
A	237	PRO	28	-4.602	-18.602
A	238	ALA	34	-6.357	-23.357
A	239	VAL	30	-5.955	-20.955
A	240	TYR	30	-4.532	-19.532
A	241	ASP	23	-0.859	-12.359
A	242	ASP	16	0.026	-7.974
A	243	LYS	10	1.144	-3.856	<=B
A	244	ASP	12	1.237	-4.763	<=B
A	245	LYS	17	-0.319	-8.819
A	246	LYS	22	-0.424	-11.424
A	247	CYS	29	-4.011	-18.511
A	248	HIS	29	-5.163	-19.663
A	249	ILE	30	-5.368	-20.368
A	250	LEU	28	-5.501	-19.501
A	251	TYR	24	-2.053	-14.053
A	252	ILE	22	-2.292	-13.292
A	253	ALA	26	-1.166	-14.166
A	254	ALA	27	-1.148	-14.648
A	255	GLN	25	-1.192	-13.692
A	256	GLU	21	-0.619	-11.119
A	257	ASN	25	-0.310	-12.810
A	258	ASN	17	-1.907	-10.407
A	259	GLY	16	0.961	-7.039	<=B
A	260	PRO	11	1.391	-4.109	<=B
A	261	ARG	13	0.753	-5.747	<=B
A	262	TYR	12	-0.766	-6.766	<=B
A	263	CYS	12	-2.321	-8.321
A	274	PHE	14	-2.775	-9.775
A	275	CYS	17	-2.830	-11.330
A	276	PHE	20	-2.989	-12.989
A	277	ARG	17	-2.521	-11.021
A	278	PRO	20	-3.820	-13.820
A	279	ALA	21	-5.682	-16.182
A	280	LYS	27	-7.935	-21.435
A	281	ASP	19	-3.567	-13.067
A	282	ILE	15	-2.911	-10.411
A	283	SER	11	-0.693	-6.193	<=B
A	284	PHE	19	-1.000	-10.500
A	285	GLN	21	-1.720	-12.220
A	286	ASN	22	-0.189	-11.189
A	287	TYR	28	-0.543	-14.543
A	288	THR	23	-2.627	-14.127
A	289	TYR	29	-4.936	-19.436
A	290	LEU	32	-7.030	-23.030
A	291	SER	31	-4.365	-19.865
A	292	LYS	24	-2.641	-14.641
A	293	ASN	20	-3.011	-13.011
A	294	VAL	26	-5.809	-18.809
A	295	VAL	23	-4.613	-16.113
A	296	ASP	20	-5.098	-15.098
A	297	ASN	13	-1.682	-8.182
A	298	TRP	20	-3.058	-13.058
A	299	GLU	16	-1.624	-9.624
A	300	LYS	13	0.245	-6.255	<=B
A	301	VAL	21	-0.522	-11.022
A	302	CYS	24	-2.268	-14.268
A	303	PRO	28	-3.661	-17.661
A	304	ARG	26	-3.971	-16.971
A	305	LYS	20	-2.936	-12.936
A	306	ASN	23	-3.917	-15.417
A	307	LEU	21	-1.962	-12.462
A	308	GLN	19	-2.039	-11.539
A	309	ASN	20	-1.028	-11.028
A	310	ALA	23	-2.852	-14.352
A	311	LYS	27	-3.094	-16.594
A	312	PHE	30	-4.504	-19.504
A	313	GLY	23	-6.163	-17.663
A	314	LEU	20	-4.967	-14.967
A	315	TRP	21	-3.375	-13.875
A	316	VAL	13	-2.971	-9.471
A	317	ASP	9	-1.889	-6.389	<=B
A	318	GLY	9	-1.048	-5.548	<=B
A	319	ASN	14	-3.150	-10.150
A	320	CYS	21	-4.703	-15.203
A	321	GLU	18	-4.628	-13.628
A	322	ASP	18	-3.572	-12.572
A	323	ILE	21	-3.775	-14.275
A	324	PRO	10	-0.917	-5.917	<=B
A	325	HIS	12	-1.210	-7.210	<=B
A	326	VAL	18	0.634	-8.366
A	327	ASN	13	-0.174	-6.674	<=B
A	328	GLU	17	0.116	-8.384
A	329	PHE	15	-3.014	-10.514
A	330	PRO	16	-4.141	-12.141
A	331	ALA	21	-6.374	-16.874
A	332	ILE	16	-3.691	-11.691
A	333	ASP	18	-5.721	-14.721
A	334	LEU	27	-6.814	-20.314
A	335	PHE	21	-7.851	-18.351
A	336	GLU	22	-8.455	-19.455
A	337	CYS	31	-10.893	-26.393
A	338	ASN	31	-10.665	-26.165
A	339	LYS	24	-11.833	-23.833
A	340	LEU	26	-8.998	-21.998
A	341	VAL	29	-8.727	-23.227
A	342	PHE	32	-9.588	-25.588
A	343	GLU	20	-7.152	-17.152
A	344	LEU	19	-4.305	-13.805
A	345	SER	26	-3.841	-16.841
A	346	ALA	28	0.179	-13.821
A	347	SER	26	2.311	-10.689
A	348	ASP	30	5.453	-9.547
A	349	GLN	24	5.439	-6.561	<=B
A	350	PRO	17	5.616	-2.884	<=B
A	351	LYS	9	4.206	-0.294	<=B
A	352	GLN	12	5.440	-0.560	<=B
A	353	TYR	15	5.279	-2.221	<=B
A	354	GLU	13	4.272	-2.228	<=B
A	355	GLN	11	2.409	-3.091	<=B
A	356	HIS	12	1.831	-4.169	<=B
A	357	LEU	16	3.595	-4.405	<=B
A	358	THR	12	2.488	-3.512	<=B
A	359	ASP	19	1.669	-7.831
A	360	TYR	16	0.730	-7.270	<=B
A	361	GLU	20	5.393	-4.607	<=B
A	362	LYS	21	3.255	-7.245	<=B
A	363	ILE	22	2.237	-8.763
A	364	LYS	22	5.725	-5.275	<=B
A	365	GLU	26	5.693	-7.307	<=B
A	366	GLY	25	2.547	-9.953
A	367	PHE	23	2.372	-9.128
A	368	LYS	26	2.114	-10.886
A	369	ASN	16	1.953	-6.047	<=B
A	370	LYS	12	1.900	-4.100	<=B
A	371	ASN	9	0.851	-3.649	<=B
A	372	ALA	7	1.097	-2.403	<=B
A	373	SER	10	1.664	-3.336	<=B
A	374	MET	16	0.882	-7.118	<=B
A	375	ILE	17	1.723	-6.777	<=B
A	376	LYS	20	-0.716	-10.716
A	377	SER	16	-1.268	-9.268
A	378	ALA	10	-1.804	-6.804	<=B
A	379	PHE	10	-1.455	-6.455	<=B
A	380	LEU	15	-1.374	-8.874
A	381	PRO	7	-1.450	-4.950	<=B
A	382	THR	7	-1.373	-4.873	<=B
A	388	ASP	10	1.828	-3.172	<=B
A	389	ARG	7	2.777	-0.723	<=B
A	390	TYR	17	5.555	-2.945	<=B
A	391	LYS	21	3.527	-6.973	<=B
A	392	SER	23	3.607	-7.893
A	393	HIS	25	2.704	-9.796
A	394	GLY	25	3.382	-9.118
A	395	LYS	23	2.587	-8.913
A	396	GLY	25	-0.623	-13.123
A	397	TYR	24	-3.076	-15.076
A	398	ASN	32	-5.916	-21.916
A	399	TRP	32	-7.517	-23.517
A	400	GLY	30	-5.740	-20.740
A	401	ASN	30	-4.162	-19.162
A	402	TYR	34	-5.794	-22.794
A	403	ASN	27	-4.097	-17.597
A	404	THR	18	-1.433	-10.433
A	405	GLU	10	0.664	-4.336	<=B
A	406	THR	13	-0.323	-6.823	<=B
A	407	GLN	20	-3.484	-13.484
A	408	LYS	23	-2.696	-14.196
A	409	CYS	31	-6.407	-21.907
A	410	GLU	24	-2.961	-14.961
A	411	ILE	27	-4.301	-17.801
A	412	PHE	24	-1.840	-13.840
A	413	ASN	20	-1.054	-11.054
A	414	VAL	21	-0.365	-10.865
A	415	LYS	22	-0.947	-11.947
A	416	PRO	22	-4.014	-15.014
A	417	THR	24	-2.274	-14.274
A	418	CYS	26	-3.022	-16.022
A	419	LEU	23	-4.140	-15.640
A	420	ILE	19	-4.682	-14.182
A	421	ASN	14	-2.663	-9.663
A	422	ASN	14	-2.160	-9.160
A	423	SER	14	-1.054	-8.054
A	424	SER	17	0.099	-8.401
A	425	TYR	26	-2.009	-15.009
A	426	ILE	24	-1.616	-13.616
A	427	ALA	29	-3.541	-18.041
A	428	THR	37	-6.548	-25.048
A	429	THR	29	-6.001	-20.501
A	430	ALA	32	-8.892	-24.892
A	431	LEU	31	-6.561	-22.061
A	432	SER	28	-6.182	-20.182
A	433	HIS	27	-7.055	-20.555
A	434	PRO	30	-9.121	-24.121
A	435	ILE	20	-5.836	-15.836
A	436	GLU	17	-2.160	-10.660
A	437	VAL	17	-2.217	-10.717
A	438	GLU	12	-0.033	-6.033	<=B

Identified 88 B-Cell epitope residues out of 311 total residues
